*** EVALUATION ***
PROGRAM "Control_Display_UV.abs"

*********************************************************************************************
TARGET SECTION
---------------------------------------------------------------------------------------------
Processor   : Freescale HC08
Memory Model: SMALL
File Format : ELF\DWARF 2.0
Linker      : SmartLinker V-5.0.51 Build 14019, Jan 20 2014

*********************************************************************************************
FILE SECTION
---------------------------------------------------------------------------------------------
Events_c.obj                            Model: SMALL,         Lang: ANSI-C
main_c.obj                              Model: SMALL,         Lang: ANSI-C
start08_c.obj                           Model: SMALL,         Lang: ANSI-C
Cpu_c.obj                               Model: SMALL,         Lang: ANSI-C
IO_Map_c.obj                            Model: SMALL,         Lang: ANSI-C
Vectors_c.obj                           Model: SMALL,         Lang: ANSI-C
rtshc08.o (ansiis.lib)                  Model: SMALL,         Lang: ANSI-C
rtshc08.o (ansif.lib)                   Model: SMALL,         Lang: ANSI-C

*********************************************************************************************
STARTUP SECTION
---------------------------------------------------------------------------------------------
Entry point: 0xC004 (_EntryPoint)
_startupData is allocated at 0xC088 and uses 6 Bytes
extern struct _tagStartup {
  unsigned nofZeroOut     1
  _Range   pZeroOut       0x90     16
  _Copy    *toCopyDownBeg 0xCC36
} _startupData;

*********************************************************************************************
SECTION-ALLOCATION SECTION
Section Name                    Size  Type     From       To       Segment
---------------------------------------------------------------------------------------------
.text                           2976     R     0xC096     0xCC35   ROM
.abs_section_ffbd                  1     R     0xFFBD     0xFFBD   .absSeg0
.abs_section_ffbf                  1     R     0xFFBF     0xFFBF   .absSeg1
.abs_section_0                     1   N/I        0x0        0x0   .absSeg2
.abs_section_1                     1   N/I        0x1        0x1   .absSeg3
.abs_section_2                     1   N/I        0x2        0x2   .absSeg4
.abs_section_3                     1   N/I        0x3        0x3   .absSeg5
.abs_section_4                     1   N/I        0x4        0x4   .absSeg6
.abs_section_5                     1   N/I        0x5        0x5   .absSeg7
.abs_section_6                     1   N/I        0x6        0x6   .absSeg8
.abs_section_7                     1   N/I        0x7        0x7   .absSeg9
.abs_section_8                     1   N/I        0x8        0x8   .absSeg10
.abs_section_9                     1   N/I        0x9        0x9   .absSeg11
.abs_section_a                     1   N/I        0xA        0xA   .absSeg12
.abs_section_b                     1   N/I        0xB        0xB   .absSeg13
.abs_section_c                     1   N/I        0xC        0xC   .absSeg14
.abs_section_d                     1   N/I        0xD        0xD   .absSeg15
.abs_section_10                    1   N/I       0x10       0x10   .absSeg16
.abs_section_11                    1   N/I       0x11       0x11   .absSeg17
.abs_section_16                    1   N/I       0x16       0x16   .absSeg18
.abs_section_17                    1   N/I       0x17       0x17   .absSeg19
.abs_section_18                    1   N/I       0x18       0x18   .absSeg20
.abs_section_1c                    1   N/I       0x1C       0x1C   .absSeg21
.abs_section_1e                    1   N/I       0x1E       0x1E   .absSeg22
.abs_section_1f                    1   N/I       0x1F       0x1F   .absSeg23
.abs_section_20                    1   N/I       0x20       0x20   .absSeg24
.abs_section_25                    1   N/I       0x25       0x25   .absSeg25
.abs_section_28                    1   N/I       0x28       0x28   .absSeg26
.abs_section_2b                    1   N/I       0x2B       0x2B   .absSeg27
.abs_section_2e                    1   N/I       0x2E       0x2E   .absSeg28
.abs_section_3a                    1   N/I       0x3A       0x3A   .absSeg29
.abs_section_3b                    1   N/I       0x3B       0x3B   .absSeg30
.abs_section_3c                    1   N/I       0x3C       0x3C   .absSeg31
.abs_section_3d                    1   N/I       0x3D       0x3D   .absSeg32
.abs_section_3e                    1   N/I       0x3E       0x3E   .absSeg33
.abs_section_3f                    1   N/I       0x3F       0x3F   .absSeg34
.abs_section_42                    1   N/I       0x42       0x42   .absSeg35
.abs_section_43                    1   N/I       0x43       0x43   .absSeg36
.abs_section_44                    1   N/I       0x44       0x44   .absSeg37
.abs_section_45                    1   N/I       0x45       0x45   .absSeg38
.abs_section_46                    1   N/I       0x46       0x46   .absSeg39
.abs_section_47                    1   N/I       0x47       0x47   .absSeg40
.abs_section_48                    1   N/I       0x48       0x48   .absSeg41
.abs_section_49                    1   N/I       0x49       0x49   .absSeg42
.abs_section_4a                    1   N/I       0x4A       0x4A   .absSeg43
.abs_section_4b                    1   N/I       0x4B       0x4B   .absSeg44
.abs_section_4e                    1   N/I       0x4E       0x4E   .absSeg45
.abs_section_50                    1   N/I       0x50       0x50   .absSeg46
.abs_section_51                    1   N/I       0x51       0x51   .absSeg47
.abs_section_52                    1   N/I       0x52       0x52   .absSeg48
.abs_section_53                    1   N/I       0x53       0x53   .absSeg49
.abs_section_55                    1   N/I       0x55       0x55   .absSeg50
.abs_section_58                    1   N/I       0x58       0x58   .absSeg51
.abs_section_59                    1   N/I       0x59       0x59   .absSeg52
.abs_section_5a                    1   N/I       0x5A       0x5A   .absSeg53
.abs_section_5b                    1   N/I       0x5B       0x5B   .absSeg54
.abs_section_5c                    1   N/I       0x5C       0x5C   .absSeg55
.abs_section_5d                    1   N/I       0x5D       0x5D   .absSeg56
.abs_section_60                    1   N/I       0x60       0x60   .absSeg57
.abs_section_65                    1   N/I       0x65       0x65   .absSeg58
.abs_section_68                    1   N/I       0x68       0x68   .absSeg59
.abs_section_1800                  1   N/I     0x1800     0x1800   .absSeg60
.abs_section_1801                  1   N/I     0x1801     0x1801   .absSeg61
.abs_section_1802                  1   N/I     0x1802     0x1802   .absSeg62
.abs_section_1803                  1   N/I     0x1803     0x1803   .absSeg63
.abs_section_1808                  1   N/I     0x1808     0x1808   .absSeg64
.abs_section_1809                  1   N/I     0x1809     0x1809   .absSeg65
.abs_section_180a                  1   N/I     0x180A     0x180A   .absSeg66
.abs_section_180c                  1   N/I     0x180C     0x180C   .absSeg67
.abs_section_1816                  1   N/I     0x1816     0x1816   .absSeg68
.abs_section_1817                  1   N/I     0x1817     0x1817   .absSeg69
.abs_section_1818                  1   N/I     0x1818     0x1818   .absSeg70
.abs_section_1820                  1   N/I     0x1820     0x1820   .absSeg71
.abs_section_1821                  1   N/I     0x1821     0x1821   .absSeg72
.abs_section_1823                  1   N/I     0x1823     0x1823   .absSeg73
.abs_section_1824                  1   N/I     0x1824     0x1824   .absSeg74
.abs_section_1825                  1   N/I     0x1825     0x1825   .absSeg75
.abs_section_1826                  1   N/I     0x1826     0x1826   .absSeg76
.abs_section_1830                  1   N/I     0x1830     0x1830   .absSeg77
.abs_section_1835                  1   N/I     0x1835     0x1835   .absSeg78
.abs_section_1838                  1   N/I     0x1838     0x1838   .absSeg79
.abs_section_1840                  1   N/I     0x1840     0x1840   .absSeg80
.abs_section_1841                  1   N/I     0x1841     0x1841   .absSeg81
.abs_section_1842                  1   N/I     0x1842     0x1842   .absSeg82
.abs_section_1844                  1   N/I     0x1844     0x1844   .absSeg83
.abs_section_1845                  1   N/I     0x1845     0x1845   .absSeg84
.abs_section_1846                  1   N/I     0x1846     0x1846   .absSeg85
.abs_section_1848                  1   N/I     0x1848     0x1848   .absSeg86
.abs_section_1849                  1   N/I     0x1849     0x1849   .absSeg87
.abs_section_184a                  1   N/I     0x184A     0x184A   .absSeg88
.abs_section_184c                  1   N/I     0x184C     0x184C   .absSeg89
.abs_section_184d                  1   N/I     0x184D     0x184D   .absSeg90
.abs_section_184e                  1   N/I     0x184E     0x184E   .absSeg91
.abs_section_1850                  1   N/I     0x1850     0x1850   .absSeg92
.abs_section_1851                  1   N/I     0x1851     0x1851   .absSeg93
.abs_section_1852                  1   N/I     0x1852     0x1852   .absSeg94
.abs_section_1854                  1   N/I     0x1854     0x1854   .absSeg95
.abs_section_1855                  1   N/I     0x1855     0x1855   .absSeg96
.abs_section_1856                  1   N/I     0x1856     0x1856   .absSeg97
.abs_section_1858                  1   N/I     0x1858     0x1858   .absSeg98
.abs_section_1859                  1   N/I     0x1859     0x1859   .absSeg99
.abs_section_185a                  1   N/I     0x185A     0x185A   .absSeg100
.abs_section_12                    2   N/I       0x12       0x13   .absSeg101
.abs_section_14                    2   N/I       0x14       0x15   .absSeg102
.abs_section_21                    2   N/I       0x21       0x22   .absSeg103
.abs_section_23                    2   N/I       0x23       0x24   .absSeg104
.abs_section_26                    2   N/I       0x26       0x27   .absSeg105
.abs_section_29                    2   N/I       0x29       0x2A   .absSeg106
.abs_section_2c                    2   N/I       0x2C       0x2D   .absSeg107
.abs_section_2f                    2   N/I       0x2F       0x30   .absSeg108
.abs_section_38                    2   N/I       0x38       0x39   .absSeg109
.abs_section_40                    2   N/I       0x40       0x41   .absSeg110
.abs_section_4c                    2   N/I       0x4C       0x4D   .absSeg111
.abs_section_61                    2   N/I       0x61       0x62   .absSeg112
.abs_section_63                    2   N/I       0x63       0x64   .absSeg113
.abs_section_66                    2   N/I       0x66       0x67   .absSeg114
.abs_section_69                    2   N/I       0x69       0x6A   .absSeg115
.abs_section_1806                  2   N/I     0x1806     0x1807   .absSeg116
.abs_section_1810                  2   N/I     0x1810     0x1811   .absSeg117
.abs_section_1812                  2   N/I     0x1812     0x1813   .absSeg118
.abs_section_1814                  2   N/I     0x1814     0x1815   .absSeg119
.abs_section_1831                  2   N/I     0x1831     0x1832   .absSeg120
.abs_section_1833                  2   N/I     0x1833     0x1834   .absSeg121
.abs_section_1836                  2   N/I     0x1836     0x1837   .absSeg122
.abs_section_1839                  2   N/I     0x1839     0x183A   .absSeg123
.abs_section_ffc6                 58     R     0xFFC6     0xFFFF   .absSeg124
.bss                              15   R/W       0x90       0x9E   RAM
.startData                        14     R     0xC088     0xC095   ROM
.init                            136     R     0xC000     0xC087   ROM
.common                            1   R/W       0x9F       0x9F   RAM
.stack                           128   R/W       0xA0      0x11F   RAM
.copy                              2     R     0xCC36     0xCC37   ROM

Summary of section sizes per section type:
READ_ONLY (R):         C74 (dec:     3188)
READ_WRITE (R/W):       90 (dec:      144)
NO_INIT (N/I):          91 (dec:      145)

*********************************************************************************************
VECTOR-ALLOCATION SECTION
    Address     InitValue   InitFunction
---------------------------------------------------------------------------------------------

*********************************************************************************************
OBJECT-ALLOCATION SECTION
     Name               Module                 Addr   hSize   dSize     Ref    Section   RLIB
---------------------------------------------------------------------------------------------
MODULE:                 -- Events_c.obj --
- PROCEDURES:
     Int_TPM3_Cada20ms                         C096      1D      29       1   .text       
- VARIABLES:
MODULE:                 -- main_c.obj --
- PROCEDURES:
     main                                      C0B3      92     146       1   .text       
     InicializarLCD_4bits                      C145      29      41       1   .text       
     EscribirMensajeLCD                        C16E      49      73       4   .text       
     inicializarPuertoLCD                      C1B7      19      25       1   .text       
     demoraInicialLCD                          C1D0      16      22       3   .text       
     enviarPrimerInstruccionPara4Bits          C1E6      C4     196       5   .text       
     enviarInstruccion                         C2AA      49      73       2   .text       
     enviarDato                                C2F3      49      73       1   .text       
     mandarNibbleAltoLCD_Vacio                 C33C      38      56       2   .text       
     mandarNibbleBajoLCD_Vacio                 C374      3A      58       2   .text       
     MostrarParametroEnLCD_TiempoAcumulado       C3AE      74     116       1   .text       
     MostrarParametroEnLCD_VolumenAcumulado       C422      99     153       1   .text       
     MostrarParametroEnLCD_MensajeInicial       C4BB      55      85       1   .text       
- VARIABLES:
     segundos                                    90       1       1       6   .bss        
     minutos                                     91       1       1       5   .bss        
     horas                                       92       2       2       4   .bss        
     demoraInicial                               94       1       1       3   .bss        
     metrosCubiertos                             95       8       8       2   .bss        
     ticksParaElKernel                           9D       1       1       3   .bss        
     flagTerminoElTimerDelKernel                 9E       1       1       5   .bss        
MODULE:                 -- start08_c.obj --
- PROCEDURES:
     loadByte                                  C510       E      14       5   .text       
     Init                                      C51E      6D     109       1   .text       
     _Startup                                  C58B       9       9       1   .text       
- VARIABLES:
     _startupData                              C088       6       6       4   .startData  
- LABELS:
     __SEG_END_SSTACK                           120       0       0       1               
MODULE:                 -- Cpu_c.obj --
- PROCEDURES:
     Cpu_Interrupt                             C000       4       4      27   .init       
     _EntryPoint                               C004      2F      47       1   .init       
     PE_low_level_init                         C033      55      85       1   .init       
- VARIABLES:
     NVPROT_INIT                               FFBD       1       1       0   .abs_section_ffbd
     NVOPT_INIT                                FFBF       1       1       0   .abs_section_ffbf
     CCR_lock                                    9F       1       1       1   .common     
MODULE:                 -- IO_Map_c.obj --
- PROCEDURES:
- VARIABLES:
     _PTAD                                        0       1       1       0   .abs_section_0
     _PTADD                                       1       1       1       0   .abs_section_1
     _PTBD                                        2       1       1       0   .abs_section_2
     _PTBDD                                       3       1       1       0   .abs_section_3
     _PTCD                                        4       1       1       0   .abs_section_4
     _PTCDD                                       5       1       1       0   .abs_section_5
     _PTDD                                        6       1       1       0   .abs_section_6
     _PTDDD                                       7       1       1       0   .abs_section_7
     _PTED                                        8       1       1      33   .abs_section_8
     _PTEDD                                       9       1       1       4   .abs_section_9
     _PTFD                                        A       1       1       0   .abs_section_a
     _PTFDD                                       B       1       1       0   .abs_section_b
     _PTGD                                        C       1       1       8   .abs_section_c
     _PTGDD                                       D       1       1       2   .abs_section_d
     _ADC1SC1                                    10       1       1       0   .abs_section_10
     _ADC1SC2                                    11       1       1       0   .abs_section_11
     _ADC1CFG                                    16       1       1       0   .abs_section_16
     _APCTL1                                     17       1       1       0   .abs_section_17
     _APCTL2                                     18       1       1       0   .abs_section_18
     _IRQSC                                      1C       1       1       0   .abs_section_1c
     _KBISC                                      1E       1       1       0   .abs_section_1e
     _KBIPE                                      1F       1       1       0   .abs_section_1f
     _TPM1SC                                     20       1       1      17   .abs_section_20
     _TPM1C0SC                                   25       1       1       0   .abs_section_25
     _TPM1C1SC                                   28       1       1       0   .abs_section_28
     _TPM1C2SC                                   2B       1       1       0   .abs_section_2b
     _TPM1C3SC                                   2E       1       1       0   .abs_section_2e
     _SCI1C1                                     3A       1       1       0   .abs_section_3a
     _SCI1C2                                     3B       1       1       0   .abs_section_3b
     _SCI1S1                                     3C       1       1       0   .abs_section_3c
     _SCI1S2                                     3D       1       1       0   .abs_section_3d
     _SCI1C3                                     3E       1       1       0   .abs_section_3e
     _SCI1D                                      3F       1       1       0   .abs_section_3f
     _SCI2C1                                     42       1       1       0   .abs_section_42
     _SCI2C2                                     43       1       1       0   .abs_section_43
     _SCI2S1                                     44       1       1       0   .abs_section_44
     _SCI2S2                                     45       1       1       0   .abs_section_45
     _SCI2C3                                     46       1       1       0   .abs_section_46
     _SCI2D                                      47       1       1       0   .abs_section_47
     _ICGC1                                      48       1       1       1   .abs_section_48
     _ICGC2                                      49       1       1       1   .abs_section_49
     _ICGS1                                      4A       1       1       0   .abs_section_4a
     _ICGS2                                      4B       1       1       0   .abs_section_4b
     _ICGTRM                                     4E       1       1       1   .abs_section_4e
     _SPI1C1                                     50       1       1       0   .abs_section_50
     _SPI1C2                                     51       1       1       0   .abs_section_51
     _SPI1BR                                     52       1       1       0   .abs_section_52
     _SPI1S                                      53       1       1       0   .abs_section_53
     _SPI1D                                      55       1       1       0   .abs_section_55
     _IIC1A                                      58       1       1       0   .abs_section_58
     _IIC1F                                      59       1       1       0   .abs_section_59
     _IIC1C1                                     5A       1       1       0   .abs_section_5a
     _IIC1S                                      5B       1       1       0   .abs_section_5b
     _IIC1D                                      5C       1       1       0   .abs_section_5c
     _IIC1C2                                     5D       1       1       0   .abs_section_5d
     _TPM2SC                                     60       1       1       0   .abs_section_60
     _TPM2C0SC                                   65       1       1       0   .abs_section_65
     _TPM2C1SC                                   68       1       1       0   .abs_section_68
     _SRS                                      1800       1       1       0   .abs_section_1800
     _SBDFR                                    1801       1       1       0   .abs_section_1801
     _SOPT                                     1802       1       1       1   .abs_section_1802
     _SMCLK                                    1803       1       1       1   .abs_section_1803
     _SRTISC                                   1808       1       1       0   .abs_section_1808
     _SPMSC1                                   1809       1       1       1   .abs_section_1809
     _SPMSC2                                   180A       1       1       1   .abs_section_180a
     _SOPT2                                    180C       1       1       0   .abs_section_180c
     _DBGC                                     1816       1       1       0   .abs_section_1816
     _DBGT                                     1817       1       1       0   .abs_section_1817
     _DBGS                                     1818       1       1       0   .abs_section_1818
     _FCDIV                                    1820       1       1       0   .abs_section_1820
     _FOPT                                     1821       1       1       0   .abs_section_1821
     _FCNFG                                    1823       1       1       0   .abs_section_1823
     _FPROT                                    1824       1       1       0   .abs_section_1824
     _FSTAT                                    1825       1       1       0   .abs_section_1825
     _FCMD                                     1826       1       1       0   .abs_section_1826
     _TPM3SC                                   1830       1       1       3   .abs_section_1830
     _TPM3C0SC                                 1835       1       1       0   .abs_section_1835
     _TPM3C1SC                                 1838       1       1       0   .abs_section_1838
     _PTAPE                                    1840       1       1       0   .abs_section_1840
     _PTASE                                    1841       1       1       1   .abs_section_1841
     _PTADS                                    1842       1       1       1   .abs_section_1842
     _PTBPE                                    1844       1       1       0   .abs_section_1844
     _PTBSE                                    1845       1       1       1   .abs_section_1845
     _PTBDS                                    1846       1       1       1   .abs_section_1846
     _PTCPE                                    1848       1       1       0   .abs_section_1848
     _PTCSE                                    1849       1       1       1   .abs_section_1849
     _PTCDS                                    184A       1       1       1   .abs_section_184a
     _PTDPE                                    184C       1       1       0   .abs_section_184c
     _PTDSE                                    184D       1       1       1   .abs_section_184d
     _PTDDS                                    184E       1       1       1   .abs_section_184e
     _PTEPE                                    1850       1       1       0   .abs_section_1850
     _PTESE                                    1851       1       1       1   .abs_section_1851
     _PTEDS                                    1852       1       1       1   .abs_section_1852
     _PTFPE                                    1854       1       1       0   .abs_section_1854
     _PTFSE                                    1855       1       1       1   .abs_section_1855
     _PTFDS                                    1856       1       1       1   .abs_section_1856
     _PTGPE                                    1858       1       1       0   .abs_section_1858
     _PTGSE                                    1859       1       1       1   .abs_section_1859
     _PTGDS                                    185A       1       1       1   .abs_section_185a
     _ADC1R                                      12       2       2       0   .abs_section_12
     _ADC1CV                                     14       2       2       0   .abs_section_14
     _TPM1CNT                                    21       2       2      12   .abs_section_21
     _TPM1MOD                                    23       2       2       6   .abs_section_23
     _TPM1C0V                                    26       2       2       0   .abs_section_26
     _TPM1C1V                                    29       2       2       0   .abs_section_29
     _TPM1C2V                                    2C       2       2       0   .abs_section_2c
     _TPM1C3V                                    2F       2       2       0   .abs_section_2f
     _SCI1BD                                     38       2       2       0   .abs_section_38
     _SCI2BD                                     40       2       2       0   .abs_section_40
     _ICGFLT                                     4C       2       2       1   .abs_section_4c
     _TPM2CNT                                    61       2       2       0   .abs_section_61
     _TPM2MOD                                    63       2       2       0   .abs_section_63
     _TPM2C0V                                    66       2       2       0   .abs_section_66
     _TPM2C1V                                    69       2       2       0   .abs_section_69
     _SDID                                     1806       2       2       0   .abs_section_1806
     _DBGCA                                    1810       2       2       0   .abs_section_1810
     _DBGCB                                    1812       2       2       0   .abs_section_1812
     _DBGF                                     1814       2       2       0   .abs_section_1814
     _TPM3CNT                                  1831       2       2       1   .abs_section_1831
     _TPM3MOD                                  1833       2       2       1   .abs_section_1833
     _TPM3C0V                                  1836       2       2       0   .abs_section_1836
     _TPM3C1V                                  1839       2       2       0   .abs_section_1839
MODULE:                 -- Vectors_c.obj --
- PROCEDURES:
- VARIABLES:
     _vect                                     FFC6      3A      58       0   .abs_section_ffc6
MODULE:                 -- rtshc08.o (ansiis.lib) --
- PROCEDURES:
     _IDIVMOD                                  C594      69     105       2   .text       
     _IDIVU_STAR08                             C5FD       D      13       4   .text       
     _IMODU_STAR08                             C60A      10      16       1   .text       
     _IMODU_8                                  C61A      12      18       3   .text       
     _POP64                                    C62C      2E      46       1   .text       
- VARIABLES:
MODULE:                 -- rtshc08.o (ansif.lib) --
- PROCEDURES:
     _PUSH_ARGS_D                              C65A      3D      61       1   .text       
     _ENTER_UNARY_L64                          C697      41      65       1   .text       
     _ENTER_BINARY_L64_RC                      C6D8      1B      27       2   .text       
     _NEG_L_HX                                 C6F3      13      19       1   .text       
     D_TLK                                     C706      23      35       2   .text       
     D_TKRes                                   C729      11      17       1   .text       
     D_XGKL                                    C73A      34      52       1   .text       
     D_CLRK                                    C76E       6       6       3   .text       
     D_NANK                                    C774       6       6       2   .text       
     D_INFK                                    C77A       6       6       2   .text       
     _DUNPACK_k_to_K                           C780      89     137       2   .text       
     _DUNPACK_k_to_K_Unary                     C809      89     137       1   .text       
     _DUNPACK_j_to_L                           C892      89     137       2   .text       
     _DPACK_K_to_k                             C91B      A6     166       2   .text       
     D_NORMK                                   C9C1      6C     108       3   .text       
     _DADD_K_is_K_plus_L                       CA2D      DF     223       1   .text       
     _DMUL_K_is_K_times_L                      CB0C      98     152       1   .text       
     _D_LONGK                                  CBA4      61      97       1   .text       
     _DADD_Common                              CC05       C      12       1   .text       
     _DMUL_Common                              CC11       C      12       1   .text       
     _DADD_RC                                  CC1D       7       7       1   .text       
     _DMUL_RC                                  CC24       7       7       1   .text       
     _DSTRUNC                                  CC2B       B      11       1   .text       
- VARIABLES:

*********************************************************************************************
MODULE STATISTIC
  Name                                      Data   Code  Const
---------------------------------------------------------------------------------------------
  Events_c.obj                                 0     29      0
  main_c.obj                                  15   1117      0
  start08_c.obj                                0    132      0
  Cpu_c.obj                                    1    136      2
  IO_Map_c.obj                               145      0      0
  Vectors_c.obj                                0      0     58
  rtshc08.o (ansiis.lib)                       0    198      0
  rtshc08.o (ansif.lib)                        0   1500      0
  other                                      128     14      2

*********************************************************************************************
SECTION USE IN OBJECT-ALLOCATION SECTION
---------------------------------------------------------------------------------------------
SECTION: ".text"
  Int_TPM3_Cada20ms main InicializarLCD_4bits EscribirMensajeLCD 
  inicializarPuertoLCD demoraInicialLCD enviarPrimerInstruccionPara4Bits 
  enviarInstruccion enviarDato mandarNibbleAltoLCD_Vacio 
  mandarNibbleBajoLCD_Vacio MostrarParametroEnLCD_TiempoAcumulado 
  MostrarParametroEnLCD_VolumenAcumulado MostrarParametroEnLCD_MensajeInicial 
  loadByte Init _Startup _IDIVMOD _IDIVU_STAR08 _IMODU_STAR08 _IMODU_8 _POP64 
  _PUSH_ARGS_D _ENTER_UNARY_L64 _ENTER_BINARY_L64_RC _NEG_L_HX D_TLK D_TKRes 
  D_XGKL D_CLRK D_NANK D_INFK _DUNPACK_k_to_K _DUNPACK_k_to_K_Unary 
  _DUNPACK_j_to_L _DPACK_K_to_k D_NORMK _DADD_K_is_K_plus_L 
  _DMUL_K_is_K_times_L _D_LONGK _DADD_Common _DMUL_Common _DADD_RC _DMUL_RC 
  _DSTRUNC 
SECTION: ".bss"
  segundos minutos horas demoraInicial metrosCubiertos ticksParaElKernel 
  flagTerminoElTimerDelKernel 
SECTION: ".init"
  Cpu_Interrupt _EntryPoint PE_low_level_init 
SECTION: ".abs_section_ffbd"
  NVPROT_INIT 
SECTION: ".abs_section_ffbf"
  NVOPT_INIT 
SECTION: ".common"
  CCR_lock 
SECTION: ".abs_section_0"
  _PTAD 
SECTION: ".abs_section_1"
  _PTADD 
SECTION: ".abs_section_2"
  _PTBD 
SECTION: ".abs_section_3"
  _PTBDD 
SECTION: ".abs_section_4"
  _PTCD 
SECTION: ".abs_section_5"
  _PTCDD 
SECTION: ".abs_section_6"
  _PTDD 
SECTION: ".abs_section_7"
  _PTDDD 
SECTION: ".abs_section_8"
  _PTED 
SECTION: ".abs_section_9"
  _PTEDD 
SECTION: ".abs_section_a"
  _PTFD 
SECTION: ".abs_section_b"
  _PTFDD 
SECTION: ".abs_section_c"
  _PTGD 
SECTION: ".abs_section_d"
  _PTGDD 
SECTION: ".abs_section_10"
  _ADC1SC1 
SECTION: ".abs_section_11"
  _ADC1SC2 
SECTION: ".abs_section_16"
  _ADC1CFG 
SECTION: ".abs_section_17"
  _APCTL1 
SECTION: ".abs_section_18"
  _APCTL2 
SECTION: ".abs_section_1c"
  _IRQSC 
SECTION: ".abs_section_1e"
  _KBISC 
SECTION: ".abs_section_1f"
  _KBIPE 
SECTION: ".abs_section_20"
  _TPM1SC 
SECTION: ".abs_section_25"
  _TPM1C0SC 
SECTION: ".abs_section_28"
  _TPM1C1SC 
SECTION: ".abs_section_2b"
  _TPM1C2SC 
SECTION: ".abs_section_2e"
  _TPM1C3SC 
SECTION: ".abs_section_3a"
  _SCI1C1 
SECTION: ".abs_section_3b"
  _SCI1C2 
SECTION: ".abs_section_3c"
  _SCI1S1 
SECTION: ".abs_section_3d"
  _SCI1S2 
SECTION: ".abs_section_3e"
  _SCI1C3 
SECTION: ".abs_section_3f"
  _SCI1D 
SECTION: ".abs_section_42"
  _SCI2C1 
SECTION: ".abs_section_43"
  _SCI2C2 
SECTION: ".abs_section_44"
  _SCI2S1 
SECTION: ".abs_section_45"
  _SCI2S2 
SECTION: ".abs_section_46"
  _SCI2C3 
SECTION: ".abs_section_47"
  _SCI2D 
SECTION: ".abs_section_48"
  _ICGC1 
SECTION: ".abs_section_49"
  _ICGC2 
SECTION: ".abs_section_4a"
  _ICGS1 
SECTION: ".abs_section_4b"
  _ICGS2 
SECTION: ".abs_section_4e"
  _ICGTRM 
SECTION: ".abs_section_50"
  _SPI1C1 
SECTION: ".abs_section_51"
  _SPI1C2 
SECTION: ".abs_section_52"
  _SPI1BR 
SECTION: ".abs_section_53"
  _SPI1S 
SECTION: ".abs_section_55"
  _SPI1D 
SECTION: ".abs_section_58"
  _IIC1A 
SECTION: ".abs_section_59"
  _IIC1F 
SECTION: ".abs_section_5a"
  _IIC1C1 
SECTION: ".abs_section_5b"
  _IIC1S 
SECTION: ".abs_section_5c"
  _IIC1D 
SECTION: ".abs_section_5d"
  _IIC1C2 
SECTION: ".abs_section_60"
  _TPM2SC 
SECTION: ".abs_section_65"
  _TPM2C0SC 
SECTION: ".abs_section_68"
  _TPM2C1SC 
SECTION: ".abs_section_1800"
  _SRS 
SECTION: ".abs_section_1801"
  _SBDFR 
SECTION: ".abs_section_1802"
  _SOPT 
SECTION: ".abs_section_1803"
  _SMCLK 
SECTION: ".abs_section_1808"
  _SRTISC 
SECTION: ".abs_section_1809"
  _SPMSC1 
SECTION: ".abs_section_180a"
  _SPMSC2 
SECTION: ".abs_section_180c"
  _SOPT2 
SECTION: ".abs_section_1816"
  _DBGC 
SECTION: ".abs_section_1817"
  _DBGT 
SECTION: ".abs_section_1818"
  _DBGS 
SECTION: ".abs_section_1820"
  _FCDIV 
SECTION: ".abs_section_1821"
  _FOPT 
SECTION: ".abs_section_1823"
  _FCNFG 
SECTION: ".abs_section_1824"
  _FPROT 
SECTION: ".abs_section_1825"
  _FSTAT 
SECTION: ".abs_section_1826"
  _FCMD 
SECTION: ".abs_section_1830"
  _TPM3SC 
SECTION: ".abs_section_1835"
  _TPM3C0SC 
SECTION: ".abs_section_1838"
  _TPM3C1SC 
SECTION: ".abs_section_1840"
  _PTAPE 
SECTION: ".abs_section_1841"
  _PTASE 
SECTION: ".abs_section_1842"
  _PTADS 
SECTION: ".abs_section_1844"
  _PTBPE 
SECTION: ".abs_section_1845"
  _PTBSE 
SECTION: ".abs_section_1846"
  _PTBDS 
SECTION: ".abs_section_1848"
  _PTCPE 
SECTION: ".abs_section_1849"
  _PTCSE 
SECTION: ".abs_section_184a"
  _PTCDS 
SECTION: ".abs_section_184c"
  _PTDPE 
SECTION: ".abs_section_184d"
  _PTDSE 
SECTION: ".abs_section_184e"
  _PTDDS 
SECTION: ".abs_section_1850"
  _PTEPE 
SECTION: ".abs_section_1851"
  _PTESE 
SECTION: ".abs_section_1852"
  _PTEDS 
SECTION: ".abs_section_1854"
  _PTFPE 
SECTION: ".abs_section_1855"
  _PTFSE 
SECTION: ".abs_section_1856"
  _PTFDS 
SECTION: ".abs_section_1858"
  _PTGPE 
SECTION: ".abs_section_1859"
  _PTGSE 
SECTION: ".abs_section_185a"
  _PTGDS 
SECTION: ".abs_section_12"
  _ADC1R 
SECTION: ".abs_section_14"
  _ADC1CV 
SECTION: ".abs_section_21"
  _TPM1CNT 
SECTION: ".abs_section_23"
  _TPM1MOD 
SECTION: ".abs_section_26"
  _TPM1C0V 
SECTION: ".abs_section_29"
  _TPM1C1V 
SECTION: ".abs_section_2c"
  _TPM1C2V 
SECTION: ".abs_section_2f"
  _TPM1C3V 
SECTION: ".abs_section_38"
  _SCI1BD 
SECTION: ".abs_section_40"
  _SCI2BD 
SECTION: ".abs_section_4c"
  _ICGFLT 
SECTION: ".abs_section_61"
  _TPM2CNT 
SECTION: ".abs_section_63"
  _TPM2MOD 
SECTION: ".abs_section_66"
  _TPM2C0V 
SECTION: ".abs_section_69"
  _TPM2C1V 
SECTION: ".abs_section_1806"
  _SDID 
SECTION: ".abs_section_1810"
  _DBGCA 
SECTION: ".abs_section_1812"
  _DBGCB 
SECTION: ".abs_section_1814"
  _DBGF 
SECTION: ".abs_section_1831"
  _TPM3CNT 
SECTION: ".abs_section_1833"
  _TPM3MOD 
SECTION: ".abs_section_1836"
  _TPM3C0V 
SECTION: ".abs_section_1839"
  _TPM3C1V 
SECTION: ".abs_section_ffc6"
  _vect 

*********************************************************************************************
OBJECT LIST SORTED BY ADDRESS
     Name                                      Addr   hSize   dSize     Ref    Section   RLIB
---------------------------------------------------------------------------------------------
     _PTAD                                        0       1       1       0   .abs_section_0
     _PTADD                                       1       1       1       0   .abs_section_1
     _PTBD                                        2       1       1       0   .abs_section_2
     _PTBDD                                       3       1       1       0   .abs_section_3
     _PTCD                                        4       1       1       0   .abs_section_4
     _PTCDD                                       5       1       1       0   .abs_section_5
     _PTDD                                        6       1       1       0   .abs_section_6
     _PTDDD                                       7       1       1       0   .abs_section_7
     _PTED                                        8       1       1      33   .abs_section_8
     _PTEDD                                       9       1       1       4   .abs_section_9
     _PTFD                                        A       1       1       0   .abs_section_a
     _PTFDD                                       B       1       1       0   .abs_section_b
     _PTGD                                        C       1       1       8   .abs_section_c
     _PTGDD                                       D       1       1       2   .abs_section_d
     _ADC1SC1                                    10       1       1       0   .abs_section_10
     _ADC1SC2                                    11       1       1       0   .abs_section_11
     _ADC1R                                      12       2       2       0   .abs_section_12
     _ADC1CV                                     14       2       2       0   .abs_section_14
     _ADC1CFG                                    16       1       1       0   .abs_section_16
     _APCTL1                                     17       1       1       0   .abs_section_17
     _APCTL2                                     18       1       1       0   .abs_section_18
     _IRQSC                                      1C       1       1       0   .abs_section_1c
     _KBISC                                      1E       1       1       0   .abs_section_1e
     _KBIPE                                      1F       1       1       0   .abs_section_1f
     _TPM1SC                                     20       1       1      17   .abs_section_20
     _TPM1CNT                                    21       2       2      12   .abs_section_21
     _TPM1MOD                                    23       2       2       6   .abs_section_23
     _TPM1C0SC                                   25       1       1       0   .abs_section_25
     _TPM1C0V                                    26       2       2       0   .abs_section_26
     _TPM1C1SC                                   28       1       1       0   .abs_section_28
     _TPM1C1V                                    29       2       2       0   .abs_section_29
     _TPM1C2SC                                   2B       1       1       0   .abs_section_2b
     _TPM1C2V                                    2C       2       2       0   .abs_section_2c
     _TPM1C3SC                                   2E       1       1       0   .abs_section_2e
     _TPM1C3V                                    2F       2       2       0   .abs_section_2f
     _SCI1BD                                     38       2       2       0   .abs_section_38
     _SCI1C1                                     3A       1       1       0   .abs_section_3a
     _SCI1C2                                     3B       1       1       0   .abs_section_3b
     _SCI1S1                                     3C       1       1       0   .abs_section_3c
     _SCI1S2                                     3D       1       1       0   .abs_section_3d
     _SCI1C3                                     3E       1       1       0   .abs_section_3e
     _SCI1D                                      3F       1       1       0   .abs_section_3f
     _SCI2BD                                     40       2       2       0   .abs_section_40
     _SCI2C1                                     42       1       1       0   .abs_section_42
     _SCI2C2                                     43       1       1       0   .abs_section_43
     _SCI2S1                                     44       1       1       0   .abs_section_44
     _SCI2S2                                     45       1       1       0   .abs_section_45
     _SCI2C3                                     46       1       1       0   .abs_section_46
     _SCI2D                                      47       1       1       0   .abs_section_47
     _ICGC1                                      48       1       1       1   .abs_section_48
     _ICGC2                                      49       1       1       1   .abs_section_49
     _ICGS1                                      4A       1       1       0   .abs_section_4a
     _ICGS2                                      4B       1       1       0   .abs_section_4b
     _ICGFLT                                     4C       2       2       1   .abs_section_4c
     _ICGTRM                                     4E       1       1       1   .abs_section_4e
     _SPI1C1                                     50       1       1       0   .abs_section_50
     _SPI1C2                                     51       1       1       0   .abs_section_51
     _SPI1BR                                     52       1       1       0   .abs_section_52
     _SPI1S                                      53       1       1       0   .abs_section_53
     _SPI1D                                      55       1       1       0   .abs_section_55
     _IIC1A                                      58       1       1       0   .abs_section_58
     _IIC1F                                      59       1       1       0   .abs_section_59
     _IIC1C1                                     5A       1       1       0   .abs_section_5a
     _IIC1S                                      5B       1       1       0   .abs_section_5b
     _IIC1D                                      5C       1       1       0   .abs_section_5c
     _IIC1C2                                     5D       1       1       0   .abs_section_5d
     _TPM2SC                                     60       1       1       0   .abs_section_60
     _TPM2CNT                                    61       2       2       0   .abs_section_61
     _TPM2MOD                                    63       2       2       0   .abs_section_63
     _TPM2C0SC                                   65       1       1       0   .abs_section_65
     _TPM2C0V                                    66       2       2       0   .abs_section_66
     _TPM2C1SC                                   68       1       1       0   .abs_section_68
     _TPM2C1V                                    69       2       2       0   .abs_section_69
     segundos                                    90       1       1       6   .bss        
     minutos                                     91       1       1       5   .bss        
     horas                                       92       2       2       4   .bss        
     demoraInicial                               94       1       1       3   .bss        
     metrosCubiertos                             95       8       8       2   .bss        
     ticksParaElKernel                           9D       1       1       3   .bss        
     flagTerminoElTimerDelKernel                 9E       1       1       5   .bss        
     CCR_lock                                    9F       1       1       1   .common     
     _SRS                                      1800       1       1       0   .abs_section_1800
     _SBDFR                                    1801       1       1       0   .abs_section_1801
     _SOPT                                     1802       1       1       1   .abs_section_1802
     _SMCLK                                    1803       1       1       1   .abs_section_1803
     _SDID                                     1806       2       2       0   .abs_section_1806
     _SRTISC                                   1808       1       1       0   .abs_section_1808
     _SPMSC1                                   1809       1       1       1   .abs_section_1809
     _SPMSC2                                   180A       1       1       1   .abs_section_180a
     _SOPT2                                    180C       1       1       0   .abs_section_180c
     _DBGCA                                    1810       2       2       0   .abs_section_1810
     _DBGCB                                    1812       2       2       0   .abs_section_1812
     _DBGF                                     1814       2       2       0   .abs_section_1814
     _DBGC                                     1816       1       1       0   .abs_section_1816
     _DBGT                                     1817       1       1       0   .abs_section_1817
     _DBGS                                     1818       1       1       0   .abs_section_1818
     _FCDIV                                    1820       1       1       0   .abs_section_1820
     _FOPT                                     1821       1       1       0   .abs_section_1821
     _FCNFG                                    1823       1       1       0   .abs_section_1823
     _FPROT                                    1824       1       1       0   .abs_section_1824
     _FSTAT                                    1825       1       1       0   .abs_section_1825
     _FCMD                                     1826       1       1       0   .abs_section_1826
     _TPM3SC                                   1830       1       1       3   .abs_section_1830
     _TPM3CNT                                  1831       2       2       1   .abs_section_1831
     _TPM3MOD                                  1833       2       2       1   .abs_section_1833
     _TPM3C0SC                                 1835       1       1       0   .abs_section_1835
     _TPM3C0V                                  1836       2       2       0   .abs_section_1836
     _TPM3C1SC                                 1838       1       1       0   .abs_section_1838
     _TPM3C1V                                  1839       2       2       0   .abs_section_1839
     _PTAPE                                    1840       1       1       0   .abs_section_1840
     _PTASE                                    1841       1       1       1   .abs_section_1841
     _PTADS                                    1842       1       1       1   .abs_section_1842
     _PTBPE                                    1844       1       1       0   .abs_section_1844
     _PTBSE                                    1845       1       1       1   .abs_section_1845
     _PTBDS                                    1846       1       1       1   .abs_section_1846
     _PTCPE                                    1848       1       1       0   .abs_section_1848
     _PTCSE                                    1849       1       1       1   .abs_section_1849
     _PTCDS                                    184A       1       1       1   .abs_section_184a
     _PTDPE                                    184C       1       1       0   .abs_section_184c
     _PTDSE                                    184D       1       1       1   .abs_section_184d
     _PTDDS                                    184E       1       1       1   .abs_section_184e
     _PTEPE                                    1850       1       1       0   .abs_section_1850
     _PTESE                                    1851       1       1       1   .abs_section_1851
     _PTEDS                                    1852       1       1       1   .abs_section_1852
     _PTFPE                                    1854       1       1       0   .abs_section_1854
     _PTFSE                                    1855       1       1       1   .abs_section_1855
     _PTFDS                                    1856       1       1       1   .abs_section_1856
     _PTGPE                                    1858       1       1       0   .abs_section_1858
     _PTGSE                                    1859       1       1       1   .abs_section_1859
     _PTGDS                                    185A       1       1       1   .abs_section_185a
     Cpu_Interrupt                             C000       4       4      27   .init       
     _EntryPoint                               C004      2F      47       1   .init       
     PE_low_level_init                         C033      55      85       1   .init       
     Int_TPM3_Cada20ms                         C096      1D      29       1   .text       
     main                                      C0B3      92     146       1   .text       
     InicializarLCD_4bits                      C145      29      41       1   .text       
     EscribirMensajeLCD                        C16E      49      73       4   .text       
     inicializarPuertoLCD                      C1B7      19      25       1   .text       
     demoraInicialLCD                          C1D0      16      22       3   .text       
     enviarPrimerInstruccionPara4Bits          C1E6      C4     196       5   .text       
     enviarInstruccion                         C2AA      49      73       2   .text       
     enviarDato                                C2F3      49      73       1   .text       
     mandarNibbleAltoLCD_Vacio                 C33C      38      56       2   .text       
     mandarNibbleBajoLCD_Vacio                 C374      3A      58       2   .text       
     MostrarParametroEnLCD_TiempoAcumulado       C3AE      74     116       1   .text       
     MostrarParametroEnLCD_VolumenAcumulado       C422      99     153       1   .text       
     MostrarParametroEnLCD_MensajeInicial       C4BB      55      85       1   .text       
     loadByte                                  C510       E      14       5   .text       
     Init                                      C51E      6D     109       1   .text       
     _Startup                                  C58B       9       9       1   .text       
     _IDIVMOD                                  C594      69     105       2   .text       
     _IDIVU_STAR08                             C5FD       D      13       4   .text       
     _IMODU_STAR08                             C60A      10      16       1   .text       
     _IMODU_8                                  C61A      12      18       3   .text       
     _POP64                                    C62C      2E      46       1   .text       
     _PUSH_ARGS_D                              C65A      3D      61       1   .text       
     _ENTER_UNARY_L64                          C697      41      65       1   .text       
     _ENTER_BINARY_L64_RC                      C6D8      1B      27       2   .text       
     _NEG_L_HX                                 C6F3      13      19       1   .text       
     D_TLK                                     C706      23      35       2   .text       
     D_TKRes                                   C729      11      17       1   .text       
     D_XGKL                                    C73A      34      52       1   .text       
     D_CLRK                                    C76E       6       6       3   .text       
     D_NANK                                    C774       6       6       2   .text       
     D_INFK                                    C77A       6       6       2   .text       
     _DUNPACK_k_to_K                           C780      89     137       2   .text       
     _DUNPACK_k_to_K_Unary                     C809      89     137       1   .text       
     _DUNPACK_j_to_L                           C892      89     137       2   .text       
     _DPACK_K_to_k                             C91B      A6     166       2   .text       
     D_NORMK                                   C9C1      6C     108       3   .text       
     _DADD_K_is_K_plus_L                       CA2D      DF     223       1   .text       
     _DMUL_K_is_K_times_L                      CB0C      98     152       1   .text       
     _D_LONGK                                  CBA4      61      97       1   .text       
     _DADD_Common                              CC05       C      12       1   .text       
     _DMUL_Common                              CC11       C      12       1   .text       
     _DADD_RC                                  CC1D       7       7       1   .text       
     _DMUL_RC                                  CC24       7       7       1   .text       
     _DSTRUNC                                  CC2B       B      11       1   .text       
     NVPROT_INIT                               FFBD       1       1       0   .abs_section_ffbd
     NVOPT_INIT                                FFBF       1       1       0   .abs_section_ffbf
     _vect                                     FFC6      3A      58       0   .abs_section_ffc6

*********************************************************************************************
UNUSED-OBJECTS SECTION
---------------------------------------------------------------------------------------------
NOT USED PROCEDURES
rtshc08.o (ansiis.lib):
  _PUSH_ARGS_L _PUSH_ARGS_D _ENTER_UNARY_L _ENTER_UNARY_L64 _ENTER_UNARY_L64_4 
  _ENTER_BINARY_L _ENTER_BINARY_L_RC _ENTER_BINARY_L_LC _ENTER_BINARY_L64 
  _ENTER_BINARY_L64_LC _ENTER_BINARY_L64_RC _SPLITSIGN _LADD_k_is_k_plus_j 
  _k_is_k_plus_j_l _k_is_k_plus_j_i _LSUB_k_is_k_minus_j _LAND_k_is_k_and_j 
  _LOR_k_is_k_or_j _LXOR_k_is_k_xor_j _LMUL_k_is_k_mul_j _LDIVMOD _NEG_L_HX 
  _ABS_L_HX _SPLITSIGN_L _LMODU_k_is_k_mod_j _LDIVU_k_is_k_div_j 
  _LMODS_k_is_k_mod_j _LDIVS_k_is_k_div_j _LCMP_k_rel_j _CMP24_k_rel_j _BMULS 
  _BDIVS _BMODS _IMUL_STAR08 _IDIVS_STAR08 _IMODS_STAR08 _IDIVU_8 _IASR _ILSR 
  _ILSL _ICMP _LINC _LDEC _LNEG _LNOT _LADD _LADD_RC _LSUB _LSUB_LC _LSUB_RC 
  _LAND _LAND_RC _LOR _LOR_RC _LXOR _LXOR_RC _LMUL _LMUL_RC _LDIVS _LDIVS_LC 
  _LDIVS_RC _LDIVU _LDIVU_LC _LDIVU_RC _LMODS _LMODS_LC _LMODS_RC _LMODU 
  _LMODU_LC _LMODU_RC _LASR _LLSR _LLSL _LCMP _LCMP_RC _PUSH_ARGS_24 
  _ENTER_BINARY_24_RC _ENTER_BINARY_24 _CMP24 _CMP24_RC _COPY _COPY_L _POP32 
  _STORE32 _STORE64 _SEXT8_32 _SEXT16_32 _CALL_STAR08 _CALL_STAR08_FAR 
  _Jump_Table_Addr _Jump_Table_Offset _Jump_Table_Header_Addr 
  _Jump_Table_Header_Offset _Search_Table_16_Addr _Search_Table_16_Offset 
  _Search_Table_8_Addr _Search_Table_8_Offset _PUSH_CC _POP_CC 
  _CONV_FAR_TO_NEAR _CONV_FAR_TO_LINEAR _CONV_LINEAR_TO_FAR 
rtshc08.o (ansif.lib):
  _PUSH_ARGS_L _ENTER_UNARY_L _ENTER_UNARY_L64_4 _ENTER_BINARY_L 
  _ENTER_BINARY_L_RC _ENTER_BINARY_L_LC _ENTER_BINARY_L64 _ENTER_BINARY_L64_LC 
  _IDIVMOD _SPLITSIGN _LADD_k_is_k_plus_j _k_is_k_plus_j_l _k_is_k_plus_j_i 
  _LSUB_k_is_k_minus_j _LAND_k_is_k_and_j _LOR_k_is_k_or_j _LXOR_k_is_k_xor_j 
  _LMUL_k_is_k_mul_j _LDIVMOD _ABS_L_HX _SPLITSIGN_L _LMODU_k_is_k_mod_j 
  _LDIVU_k_is_k_div_j _LMODS_k_is_k_mod_j _LDIVS_k_is_k_div_j _LCMP_k_rel_j 
  _IMUL _IDIVS _IDIVU _IMODS _IMODU _CALL F_CLRK F_CLRK_Unary F_NANK F_INFK 
  F_TLK F_XGKL _UNPACK_k_to_K _UNPACK_k_to_K_Unary _UNPACK_j_to_L _PACK_K_to_k 
  _PACK_K_to_k_Unary F_NORMK _FADD_K_is_K_plus_L _FMUL_K_is_K_times_L 
  _FDIV_K_is_L_div_K _F_LONGK _F_FLOATK _FCMP_k_rel_j _FADD_Common _FSUB_Common 
  _FMUL_Common _FDIV_Common _FADD _FADD_RC _FSUB _FSUB_RC _FSUB_LC _FMUL 
  _FMUL_RC _FDIV _FDIV_RC _FDIV_LC _FSTRUNC _FUTRUNC _FNEG _FABS _FCMP _FCMP_RC 
  _FINC _FDEC _FSFLOAT _FUFLOAT D_CLRK_Unary D_INFK_Unary _DPACK_K_to_k_Unary 
  D_NORMK_Unary _DDIV_K_is_L_div_K _DCMP_k_rel_j _D_FLOATK _D_FTODK _D_DTOFK 
  _DSUB_Common _DDIV_Common _DADD _DSUB _DSUB_RC _DSUB_LC _DMUL _DDIV _DDIV_LC 
  _DDIV_RC _DCMP _DCMP_RC _DINC _DDEC _DNEG _DABS _DSFLOAT _DUFLOAT _DUTRUNC 
  _DSHORT _DLONG 
NOT USED VARIABLES
Cpu_c.obj:
  CCR_reg 
rtshc08.o (ansiis.lib):
  _PowOfTwo_8 _PowOfTwo_16 _PowOfTwo_32 errno 
rtshc08.o (ansif.lib):
  _PowOfTwo_8 _PowOfTwo_16 _PowOfTwo_32 plus1 minus1 plus1d minus1d errno 

*********************************************************************************************
COPYDOWN SECTION
---------------------------------------------------------------------------------------------
------- ROM-ADDRESS: 0xCC36 ---- SIZE       2 ---
Filling bytes inserted
 0000

*********************************************************************************************
OBJECT-DEPENDENCIES SECTION
---------------------------------------------------------------------------------------------
_EntryPoint               USES _SOPT _SPMSC1 _SPMSC2 _SMCLK _ICGC1 _ICGFLT 
                                _ICGC2 _ICGTRM _Startup 
PE_low_level_init         USES _PTASE _PTBSE _PTCSE _PTDSE _PTESE _PTFSE 
                                _PTGSE _PTADS _PTBDS _PTCDS _PTDDS _PTEDS _PTFDS 
                                _PTGDS CCR_lock 
Int_TPM3_Cada20ms         USES _TPM3SC ticksParaElKernel 
                                flagTerminoElTimerDelKernel 
main                      USES PE_low_level_init _PTGDD _PTGD 
                                InicializarLCD_4bits _TPM3SC _TPM3MOD _TPM3CNT 
                                MostrarParametroEnLCD_MensajeInicial demoraInicial flagTerminoElTimerDelKernel 
                                segundos minutos horas metrosCubiertos _DADD_RC _POP64 
                                MostrarParametroEnLCD_VolumenAcumulado MostrarParametroEnLCD_TiempoAcumulado 
InicializarLCD_4bits      USES inicializarPuertoLCD demoraInicialLCD 
                                enviarPrimerInstruccionPara4Bits enviarInstruccion 
EscribirMensajeLCD        USES enviarInstruccion enviarDato 
inicializarPuertoLCD      USES _PTEDD _PTGDD _PTED _PTGD 
demoraInicialLCD          USES _TPM1MOD _TPM1CNT _TPM1SC 
enviarPrimerInstruccionPara4Bits USES _PTED enviarPrimerInstruccionPara4Bits 
                                _PTGD _TPM1SC _TPM1MOD _TPM1CNT 
enviarInstruccion         USES _PTED mandarNibbleAltoLCD_Vacio 
                                mandarNibbleBajoLCD_Vacio _TPM1SC _TPM1MOD _TPM1CNT 
enviarDato                USES _PTED mandarNibbleAltoLCD_Vacio 
                                mandarNibbleBajoLCD_Vacio _TPM1SC _TPM1MOD _TPM1CNT 
mandarNibbleAltoLCD_Vacio USES _PTED _PTGD _TPM1SC _TPM1MOD _TPM1CNT 
mandarNibbleBajoLCD_Vacio USES _PTED _PTGD _TPM1SC _TPM1MOD _TPM1CNT 
MostrarParametroEnLCD_TiempoAcumulado USES segundos _IMODU_8 minutos horas 
                                _IDIVU_STAR08 EscribirMensajeLCD 
MostrarParametroEnLCD_VolumenAcumulado USES metrosCubiertos _DMUL_RC _DSTRUNC 
                                _IDIVU_STAR08 EscribirMensajeLCD _IMODU_8 
MostrarParametroEnLCD_MensajeInicial USES EscribirMensajeLCD 
Init                      USES _startupData loadByte 
_Startup                  USES __SEG_END_SSTACK Init main 
_IDIVU_STAR08             USES _IDIVMOD 
_IMODU_STAR08             USES _IDIVMOD 
_IMODU_8                  USES _IMODU_STAR08 
_ENTER_BINARY_L64_RC      USES _PUSH_ARGS_D 
_DPACK_K_to_k             USES D_TKRes 
D_NORMK                   USES D_CLRK D_INFK 
_DADD_K_is_K_plus_L       USES D_NANK D_TLK D_XGKL D_NORMK 
_DMUL_K_is_K_times_L      USES D_CLRK D_NANK D_INFK D_TLK D_NORMK 
_D_LONGK                  USES _NEG_L_HX 
_DADD_Common              USES _DUNPACK_k_to_K _DUNPACK_j_to_L 
                                _DADD_K_is_K_plus_L _DPACK_K_to_k 
_DMUL_Common              USES _DUNPACK_k_to_K _DUNPACK_j_to_L 
                                _DMUL_K_is_K_times_L _DPACK_K_to_k 
_DADD_RC                  USES _ENTER_BINARY_L64_RC _DADD_Common 
_DMUL_RC                  USES _ENTER_BINARY_L64_RC _DMUL_Common 
_DSTRUNC                  USES _ENTER_UNARY_L64 _DUNPACK_k_to_K_Unary _D_LONGK 
_vect                     USES Int_TPM3_Cada20ms Cpu_Interrupt _EntryPoint 

*********************************************************************************************
DEPENDENCY TREE
*********************************************************************************************
 main and _Startup Group
 | 
 +- main                
 |  | 
 |  +- PE_low_level_init   
 |  |    
 |  +- InicializarLCD_4bits
 |  |  | 
 |  |  +- inicializarPuertoLCD
 |  |  |    
 |  |  +- demoraInicialLCD    
 |  |  |    
 |  |  +- enviarPrimerInstruccionPara4Bits
 |  |  |    
 |  |  +- enviarInstruccion   
 |  |     | 
 |  |     +- mandarNibbleAltoLCD_Vacio
 |  |     |    
 |  |     +- mandarNibbleBajoLCD_Vacio
 |  |          
 |  +- MostrarParametroEnLCD_MensajeInicial
 |  |  | 
 |  |  +- EscribirMensajeLCD  
 |  |     | 
 |  |     +- enviarInstruccion    (see above)
 |  |     |  
 |  |     +- enviarDato          
 |  |        | 
 |  |        +- mandarNibbleAltoLCD_Vacio (see above)
 |  |        |  
 |  |        +- mandarNibbleBajoLCD_Vacio (see above)
 |  |           
 |  +- _DADD_RC            
 |  |  | 
 |  |  +- _ENTER_BINARY_L64_RC
 |  |  |  | 
 |  |  |  +- _PUSH_ARGS_D        
 |  |  |       
 |  |  +- _DADD_Common        
 |  |     | 
 |  |     +- _DUNPACK_k_to_K     
 |  |     |    
 |  |     +- _DUNPACK_j_to_L     
 |  |     |    
 |  |     +- _DADD_K_is_K_plus_L 
 |  |     |  | 
 |  |     |  +- D_NANK              
 |  |     |  |    
 |  |     |  +- D_TLK               
 |  |     |  |    
 |  |     |  +- D_XGKL              
 |  |     |  |    
 |  |     |  +- D_NORMK             
 |  |     |     | 
 |  |     |     +- D_CLRK              
 |  |     |     |    
 |  |     |     +- D_INFK              
 |  |     |          
 |  |     +- _DPACK_K_to_k       
 |  |        | 
 |  |        +- D_TKRes             
 |  |             
 |  +- _POP64              
 |  |    
 |  +- MostrarParametroEnLCD_VolumenAcumulado
 |  |  | 
 |  |  +- _DMUL_RC            
 |  |  |  | 
 |  |  |  +- _ENTER_BINARY_L64_RC (see above)
 |  |  |  |  
 |  |  |  +- _DMUL_Common        
 |  |  |     | 
 |  |  |     +- _DUNPACK_k_to_K      (see above)
 |  |  |     |  
 |  |  |     +- _DUNPACK_j_to_L      (see above)
 |  |  |     |  
 |  |  |     +- _DMUL_K_is_K_times_L
 |  |  |     |  | 
 |  |  |     |  +- D_CLRK               (see above)
 |  |  |     |  |  
 |  |  |     |  +- D_NANK               (see above)
 |  |  |     |  |  
 |  |  |     |  +- D_INFK               (see above)
 |  |  |     |  |  
 |  |  |     |  +- D_TLK                (see above)
 |  |  |     |  |  
 |  |  |     |  +- D_NORMK              (see above)
 |  |  |     |     
 |  |  |     +- _DPACK_K_to_k        (see above)
 |  |  |        
 |  |  +- _DSTRUNC            
 |  |  |  | 
 |  |  |  +- _ENTER_UNARY_L64    
 |  |  |  |    
 |  |  |  +- _DUNPACK_k_to_K_Unary
 |  |  |  |    
 |  |  |  +- _D_LONGK            
 |  |  |     | 
 |  |  |     +- _NEG_L_HX           
 |  |  |          
 |  |  +- _IDIVU_STAR08       
 |  |  |  | 
 |  |  |  +- _IDIVMOD            
 |  |  |       
 |  |  +- EscribirMensajeLCD   (see above)
 |  |  |  
 |  |  +- _IMODU_8            
 |  |     | 
 |  |     +- _IMODU_STAR08       
 |  |        | 
 |  |        +- _IDIVMOD             (see above)
 |  |           
 |  +- MostrarParametroEnLCD_TiempoAcumulado
 |     | 
 |     +- _IMODU_8             (see above)
 |     |  
 |     +- _IDIVU_STAR08        (see above)
 |     |  
 |     +- EscribirMensajeLCD   (see above)
 |        
 +- _EntryPoint         
    | 
    +- _Startup            
       | 
       +- Init                
       |  | 
       |  +- loadByte            
       |       
       +- main                 (see above)
          
 _vect               
 | 
 +- Int_TPM3_Cada20ms   
 |    
 +- Cpu_Interrupt       
 |    
 +- _EntryPoint          (see above)
    
*********************************************************************************************
STATISTIC SECTION
---------------------------------------------------------------------------------------------

ExeFile:
--------
Number of blocks to be downloaded: 5
Total size of all blocks to be downloaded: 3188

